Date 5/1/12 
AHI - empty
Usage - 35 mins. 54 secs. 
Hypopnea Index - empty
Obstructive Apnea Index - empty
Clear Airway Apnea Index - empty
Average Breath Rate - Empty 
Average % of the night in PB - empty 
Average Leak LPM - empty 
