Date 1/27/13
AHI - 0.0 
Usage - 21 mins. 12 secs. 
Hypopnea Index - 0.0
Obstructive Apnea Index - 0.0
Clear Airway Apnea Index - 0.0 
Average Breath Rate - 13.2 
Average % of the night in PB -empty 
Average Leak LPM 23.0
