Date 5/17/11 
AHI - 30.3 
Usage - 5 hrs. 18 mins. 54 secs. 
Hypopnea Index - 9.4 
Obstructive Apnea Index - 5.3 
Clear Airway Apnea Index - 15.6 
Average Breath Rate - 14.0 
Average % of the night in PB - 6.0 
Average Leak LPM 39.0 
