Date 11/10/09 
AHI - empty 
Usage - 24 mins. 03 secs. 
Hypopnea Index - empty
Obstructive Apnea Index - empty 
Clear Airway Apnea Index - empty 
Average Breath Rate - 11.4 
Average % of the night in PB - empty 
Average Leak LPM 24.3 
